> Task :gradle-plugin:settings-plugin:checkKotlinGradlePluginConfigurationErrors SKIPPED
> Task :gradle-plugin:shared:checkKotlinGradlePluginConfigurationErrors SKIPPED
> Task :gradle-plugin:shared:compileKotlin UP-TO-DATE
> Task :gradle-plugin:shared:compileJava NO-SOURCE
> Task :gradle-plugin:shared:processResources NO-SOURCE
> Task :gradle-plugin:shared:classes UP-TO-DATE
> Task :gradle-plugin:shared:jar UP-TO-DATE
> Task :gradle-plugin:settings-plugin:compileKotlin UP-TO-DATE
> Task :gradle-plugin:settings-plugin:compileJava NO-SOURCE
> Task :gradle-plugin:settings-plugin:pluginDescriptors UP-TO-DATE
> Task :gradle-plugin:settings-plugin:processResources UP-TO-DATE
> Task :gradle-plugin:settings-plugin:classes UP-TO-DATE
> Task :gradle-plugin:settings-plugin:jar UP-TO-DATE
> Task :gradle-plugin:react-native-gradle-plugin:checkKotlinGradlePluginConfigurationErrors SKIPPED
> Task :gradle-plugin:react-native-gradle-plugin:compileKotlin UP-TO-DATE
> Task :gradle-plugin:react-native-gradle-plugin:compileJava NO-SOURCE
> Task :gradle-plugin:react-native-gradle-plugin:pluginDescriptors UP-TO-DATE
> Task :gradle-plugin:react-native-gradle-plugin:processResources UP-TO-DATE
> Task :gradle-plugin:react-native-gradle-plugin:classes UP-TO-DATE
> Task :gradle-plugin:react-native-gradle-plugin:jar UP-TO-DATE

> Configure project :react-native-reanimated
Android gradle plugin: 8.9.2
Gradle: 8.14.1

> Configure project :react-native-vision-camera
[VisionCamera] Thank you for using VisionCamera ??
[VisionCamera] If you enjoy using VisionCamera, please consider sponsoring this project: https://github.com/sponsors/mrousavy
[VisionCamera] node_modules found at D:\THESIS\ThesisFinal-1\ThesisFinal\node_modules
[VisionCamera] VisionCamera_enableFrameProcessors is set to true!
[VisionCamera] react-native-worklets-core not found, Frame Processors are disabled!
[VisionCamera] VisionCamera_enableCodeScanner is set to false!

> Task :app:generateAutolinkingPackageList UP-TO-DATE
> Task :app:generateCodegenSchemaFromJavaScript SKIPPED
> Task :app:generateCodegenArtifactsFromSchema SKIPPED
> Task :app:generateReactNativeEntryPoint UP-TO-DATE
> Task :app:preBuild UP-TO-DATE
> Task :app:preReleaseBuild UP-TO-DATE
> Task :app:mergeReleaseJniLibFolders UP-TO-DATE
> Task :react-native-async-storage_async-storage:preBuild UP-TO-DATE
> Task :react-native-async-storage_async-storage:preReleaseBuild UP-TO-DATE
> Task :react-native-async-storage_async-storage:mergeReleaseJniLibFolders UP-TO-DATE
> Task :react-native-async-storage_async-storage:mergeReleaseNativeLibs NO-SOURCE
> Task :react-native-async-storage_async-storage:copyReleaseJniLibsProjectOnly UP-TO-DATE
> Task :react-native-community_checkbox:preBuild UP-TO-DATE
> Task :react-native-community_checkbox:preReleaseBuild UP-TO-DATE
> Task :react-native-community_checkbox:mergeReleaseJniLibFolders UP-TO-DATE
> Task :react-native-community_checkbox:mergeReleaseNativeLibs NO-SOURCE
> Task :react-native-community_checkbox:copyReleaseJniLibsProjectOnly UP-TO-DATE
> Task :react-native-community_masked-view:preBuild UP-TO-DATE
> Task :react-native-community_masked-view:preReleaseBuild UP-TO-DATE
> Task :react-native-community_masked-view:mergeReleaseJniLibFolders UP-TO-DATE
> Task :react-native-community_masked-view:mergeReleaseNativeLibs NO-SOURCE
> Task :react-native-community_masked-view:copyReleaseJniLibsProjectOnly UP-TO-DATE
> Task :react-native-fs:preBuild UP-TO-DATE
> Task :react-native-fs:preReleaseBuild UP-TO-DATE
> Task :react-native-fs:mergeReleaseJniLibFolders UP-TO-DATE
> Task :react-native-fs:mergeReleaseNativeLibs NO-SOURCE
> Task :react-native-fs:copyReleaseJniLibsProjectOnly UP-TO-DATE
> Task :react-native-gesture-handler:preBuild UP-TO-DATE
> Task :react-native-gesture-handler:preReleaseBuild UP-TO-DATE
> Task :react-native-gesture-handler:mergeReleaseJniLibFolders UP-TO-DATE
> Task :react-native-gesture-handler:mergeReleaseNativeLibs NO-SOURCE
> Task :react-native-gesture-handler:copyReleaseJniLibsProjectOnly UP-TO-DATE
> Task :react-native-get-random-values:generateCodegenSchemaFromJavaScript UP-TO-DATE
> Task :react-native-get-random-values:generateCodegenArtifactsFromSchema UP-TO-DATE
> Task :react-native-get-random-values:preBuild UP-TO-DATE
> Task :react-native-get-random-values:preReleaseBuild UP-TO-DATE
> Task :react-native-get-random-values:mergeReleaseJniLibFolders UP-TO-DATE
> Task :react-native-get-random-values:mergeReleaseNativeLibs NO-SOURCE
> Task :react-native-get-random-values:copyReleaseJniLibsProjectOnly UP-TO-DATE
> Task :react-native-image-crop-picker:preBuild UP-TO-DATE
> Task :react-native-image-crop-picker:preReleaseBuild UP-TO-DATE
> Task :react-native-image-crop-picker:mergeReleaseJniLibFolders UP-TO-DATE
> Task :react-native-image-crop-picker:mergeReleaseNativeLibs NO-SOURCE
> Task :react-native-image-crop-picker:copyReleaseJniLibsProjectOnly UP-TO-DATE
> Task :react-native-image-picker:preBuild UP-TO-DATE
> Task :react-native-image-picker:preReleaseBuild UP-TO-DATE
> Task :react-native-image-picker:mergeReleaseJniLibFolders UP-TO-DATE
> Task :react-native-image-picker:mergeReleaseNativeLibs NO-SOURCE
> Task :react-native-image-picker:copyReleaseJniLibsProjectOnly UP-TO-DATE
> Task :react-native-permissions:preBuild UP-TO-DATE
> Task :react-native-permissions:preReleaseBuild UP-TO-DATE
> Task :react-native-permissions:mergeReleaseJniLibFolders UP-TO-DATE
> Task :react-native-permissions:mergeReleaseNativeLibs NO-SOURCE
> Task :react-native-permissions:copyReleaseJniLibsProjectOnly UP-TO-DATE
> Task :react-native-reanimated:assertMinimalReactNativeVersionTask SKIPPED
> Task :react-native-reanimated:prepareReanimatedHeadersForPrefabs UP-TO-DATE
> Task :react-native-reanimated:prepareWorkletsHeadersForPrefabs UP-TO-DATE
> Task :react-native-reanimated:preBuild UP-TO-DATE
> Task :react-native-reanimated:preReleaseBuild UP-TO-DATE
> Task :react-native-reanimated:configureCMakeRelWithDebInfo[arm64-v8a]
> Task :react-native-reanimated:buildCMakeRelWithDebInfo[arm64-v8a][reanimated,worklets]
> Task :react-native-reanimated:configureCMakeRelWithDebInfo[armeabi-v7a]
> Task :react-native-reanimated:buildCMakeRelWithDebInfo[armeabi-v7a][reanimated,worklets]
> Task :react-native-reanimated:packageNdkLibs NO-SOURCE
> Task :react-native-reanimated:mergeReleaseJniLibFolders UP-TO-DATE
> Task :react-native-reanimated:mergeReleaseNativeLibs UP-TO-DATE
> Task :react-native-reanimated:copyReleaseJniLibsProjectOnly UP-TO-DATE
> Task :react-native-safe-area-context:preBuild UP-TO-DATE
> Task :react-native-safe-area-context:preReleaseBuild UP-TO-DATE
> Task :react-native-safe-area-context:mergeReleaseJniLibFolders UP-TO-DATE
> Task :react-native-safe-area-context:mergeReleaseNativeLibs NO-SOURCE
> Task :react-native-safe-area-context:copyReleaseJniLibsProjectOnly UP-TO-DATE
> Task :react-native-screens:preBuild UP-TO-DATE
> Task :react-native-screens:preReleaseBuild UP-TO-DATE
> Task :react-native-screens:configureCMakeRelWithDebInfo[arm64-v8a]
> Task :react-native-screens:buildCMakeRelWithDebInfo[arm64-v8a]
> Task :react-native-screens:configureCMakeRelWithDebInfo[armeabi-v7a]
> Task :react-native-screens:buildCMakeRelWithDebInfo[armeabi-v7a]
> Task :react-native-screens:mergeReleaseJniLibFolders UP-TO-DATE
> Task :react-native-screens:mergeReleaseNativeLibs UP-TO-DATE
> Task :react-native-screens:copyReleaseJniLibsProjectOnly UP-TO-DATE
> Task :react-native-svg:preBuild UP-TO-DATE
> Task :react-native-svg:preReleaseBuild UP-TO-DATE
> Task :react-native-svg:mergeReleaseJniLibFolders UP-TO-DATE
> Task :react-native-svg:mergeReleaseNativeLibs NO-SOURCE
> Task :react-native-svg:copyReleaseJniLibsProjectOnly UP-TO-DATE
> Task :react-native-vector-icons:preBuild UP-TO-DATE
> Task :react-native-vector-icons:preReleaseBuild UP-TO-DATE
> Task :react-native-vector-icons:mergeReleaseJniLibFolders UP-TO-DATE
> Task :react-native-vector-icons:mergeReleaseNativeLibs NO-SOURCE
> Task :react-native-vector-icons:copyReleaseJniLibsProjectOnly UP-TO-DATE
> Task :react-native-vision-camera:prepareHeaders UP-TO-DATE
> Task :react-native-vision-camera:preBuild UP-TO-DATE
> Task :react-native-vision-camera:preReleaseBuild UP-TO-DATE
> Task :react-native-vision-camera:configureCMakeRelWithDebInfo[arm64-v8a]
> Task :react-native-vision-camera:buildCMakeRelWithDebInfo[arm64-v8a]
> Task :react-native-vision-camera:configureCMakeRelWithDebInfo[armeabi-v7a]
> Task :react-native-vision-camera:buildCMakeRelWithDebInfo[armeabi-v7a]
> Task :react-native-vision-camera:mergeReleaseJniLibFolders UP-TO-DATE
> Task :react-native-vision-camera:mergeReleaseNativeLibs UP-TO-DATE
> Task :react-native-vision-camera:copyReleaseJniLibsProjectOnly UP-TO-DATE
> Task :react-native-webview:preBuild UP-TO-DATE
> Task :react-native-webview:preReleaseBuild UP-TO-DATE
> Task :react-native-webview:mergeReleaseJniLibFolders UP-TO-DATE
> Task :react-native-webview:mergeReleaseNativeLibs NO-SOURCE
> Task :react-native-webview:copyReleaseJniLibsProjectOnly UP-TO-DATE
> Task :react-native-zip-archive:preBuild UP-TO-DATE
> Task :react-native-zip-archive:preReleaseBuild UP-TO-DATE
> Task :react-native-zip-archive:mergeReleaseJniLibFolders UP-TO-DATE
> Task :react-native-zip-archive:mergeReleaseNativeLibs NO-SOURCE
> Task :react-native-zip-archive:copyReleaseJniLibsProjectOnly UP-TO-DATE
> Task :app:mergeReleaseNativeLibs UP-TO-DATE
> Task :app:stripReleaseDebugSymbols UP-TO-DATE
> Task :app:extractReleaseNativeSymbolTables UP-TO-DATE
> Task :app:mergeReleaseNativeDebugMetadata UP-TO-DATE
> Task :react-native-gesture-handler:checkKotlinGradlePluginConfigurationErrors SKIPPED
> Task :react-native-gesture-handler:generateReleaseBuildConfig UP-TO-DATE
> Task :react-native-gesture-handler:generateReleaseResValues UP-TO-DATE
> Task :react-native-gesture-handler:generateReleaseResources UP-TO-DATE
> Task :react-native-gesture-handler:packageReleaseResources UP-TO-DATE
> Task :react-native-gesture-handler:parseReleaseLocalResources UP-TO-DATE
> Task :react-native-gesture-handler:generateReleaseRFile UP-TO-DATE
> Task :react-native-reanimated:generateReleaseBuildConfig UP-TO-DATE
> Task :react-native-reanimated:generateReleaseResValues UP-TO-DATE
> Task :react-native-reanimated:generateReleaseResources UP-TO-DATE
> Task :react-native-reanimated:packageReleaseResources UP-TO-DATE
> Task :react-native-reanimated:parseReleaseLocalResources UP-TO-DATE
> Task :react-native-reanimated:generateReleaseRFile UP-TO-DATE
> Task :react-native-reanimated:javaPreCompileRelease UP-TO-DATE
> Task :react-native-reanimated:compileReleaseJavaWithJavac UP-TO-DATE
> Task :react-native-reanimated:bundleLibCompileToJarRelease UP-TO-DATE
> Task :react-native-svg:generateReleaseBuildConfig UP-TO-DATE
> Task :react-native-svg:generateReleaseResValues UP-TO-DATE
> Task :react-native-svg:generateReleaseResources UP-TO-DATE
> Task :react-native-svg:packageReleaseResources UP-TO-DATE
> Task :react-native-svg:parseReleaseLocalResources UP-TO-DATE
> Task :react-native-svg:generateReleaseRFile UP-TO-DATE
> Task :react-native-svg:javaPreCompileRelease UP-TO-DATE
> Task :react-native-svg:compileReleaseJavaWithJavac UP-TO-DATE
> Task :react-native-svg:bundleLibCompileToJarRelease UP-TO-DATE
> Task :react-native-gesture-handler:compileReleaseKotlin UP-TO-DATE
> Task :react-native-gesture-handler:javaPreCompileRelease UP-TO-DATE
> Task :react-native-gesture-handler:compileReleaseJavaWithJavac UP-TO-DATE
> Task :react-native-gesture-handler:bundleLibRuntimeToDirRelease UP-TO-DATE
> Task :react-native-permissions:checkKotlinGradlePluginConfigurationErrors SKIPPED
> Task :react-native-permissions:generateReleaseBuildConfig UP-TO-DATE
> Task :react-native-permissions:generateReleaseResValues UP-TO-DATE
> Task :react-native-permissions:generateReleaseResources UP-TO-DATE
> Task :react-native-permissions:packageReleaseResources UP-TO-DATE
> Task :react-native-permissions:parseReleaseLocalResources UP-TO-DATE
> Task :react-native-permissions:generateReleaseRFile UP-TO-DATE
> Task :react-native-permissions:compileReleaseKotlin UP-TO-DATE
> Task :react-native-permissions:javaPreCompileRelease UP-TO-DATE
> Task :react-native-permissions:compileReleaseJavaWithJavac UP-TO-DATE
> Task :react-native-permissions:bundleLibRuntimeToDirRelease UP-TO-DATE
> Task :react-native-safe-area-context:checkKotlinGradlePluginConfigurationErrors SKIPPED
> Task :react-native-safe-area-context:generateReleaseBuildConfig UP-TO-DATE
> Task :react-native-safe-area-context:generateReleaseResValues UP-TO-DATE
> Task :react-native-safe-area-context:generateReleaseResources UP-TO-DATE
> Task :react-native-safe-area-context:packageReleaseResources UP-TO-DATE
> Task :react-native-safe-area-context:parseReleaseLocalResources UP-TO-DATE
> Task :react-native-safe-area-context:generateReleaseRFile UP-TO-DATE
> Task :react-native-safe-area-context:compileReleaseKotlin UP-TO-DATE
> Task :react-native-safe-area-context:javaPreCompileRelease UP-TO-DATE
> Task :react-native-safe-area-context:compileReleaseJavaWithJavac UP-TO-DATE
> Task :react-native-safe-area-context:bundleLibRuntimeToDirRelease UP-TO-DATE
> Task :react-native-screens:checkKotlinGradlePluginConfigurationErrors SKIPPED
> Task :react-native-screens:generateReleaseBuildConfig UP-TO-DATE
> Task :react-native-screens:generateReleaseResValues UP-TO-DATE
> Task :react-native-screens:generateReleaseResources UP-TO-DATE
> Task :react-native-screens:packageReleaseResources UP-TO-DATE
> Task :react-native-screens:parseReleaseLocalResources UP-TO-DATE
> Task :react-native-screens:generateReleaseRFile UP-TO-DATE
> Task :react-native-screens:compileReleaseKotlin UP-TO-DATE
> Task :react-native-screens:javaPreCompileRelease UP-TO-DATE
> Task :react-native-screens:compileReleaseJavaWithJavac UP-TO-DATE
> Task :react-native-screens:bundleLibRuntimeToDirRelease UP-TO-DATE
> Task :react-native-vision-camera:checkKotlinGradlePluginConfigurationErrors SKIPPED
> Task :react-native-vision-camera:generateReleaseBuildConfig UP-TO-DATE
> Task :react-native-vision-camera:generateReleaseResValues UP-TO-DATE
> Task :react-native-vision-camera:generateReleaseResources UP-TO-DATE
> Task :react-native-vision-camera:packageReleaseResources UP-TO-DATE
> Task :react-native-vision-camera:parseReleaseLocalResources UP-TO-DATE
> Task :react-native-vision-camera:generateReleaseRFile UP-TO-DATE
> Task :react-native-vision-camera:compileReleaseKotlin UP-TO-DATE
> Task :react-native-vision-camera:javaPreCompileRelease UP-TO-DATE
> Task :react-native-vision-camera:compileReleaseJavaWithJavac UP-TO-DATE
> Task :react-native-vision-camera:bundleLibRuntimeToDirRelease UP-TO-DATE
> Task :react-native-webview:checkKotlinGradlePluginConfigurationErrors SKIPPED
> Task :react-native-webview:generateReleaseBuildConfig UP-TO-DATE
> Task :react-native-webview:generateReleaseResValues UP-TO-DATE
> Task :react-native-webview:generateReleaseResources UP-TO-DATE
> Task :react-native-webview:packageReleaseResources UP-TO-DATE
> Task :react-native-webview:parseReleaseLocalResources UP-TO-DATE
> Task :react-native-webview:generateReleaseRFile UP-TO-DATE
> Task :react-native-webview:compileReleaseKotlin UP-TO-DATE
> Task :react-native-webview:javaPreCompileRelease UP-TO-DATE
> Task :react-native-webview:compileReleaseJavaWithJavac UP-TO-DATE
> Task :react-native-webview:bundleLibRuntimeToDirRelease UP-TO-DATE
> Task :react-native-async-storage_async-storage:generateReleaseBuildConfig UP-TO-DATE
> Task :react-native-async-storage_async-storage:generateReleaseResValues UP-TO-DATE
> Task :react-native-async-storage_async-storage:generateReleaseResources UP-TO-DATE
> Task :react-native-async-storage_async-storage:packageReleaseResources UP-TO-DATE
> Task :react-native-async-storage_async-storage:parseReleaseLocalResources UP-TO-DATE
> Task :react-native-async-storage_async-storage:generateReleaseRFile UP-TO-DATE
> Task :react-native-async-storage_async-storage:javaPreCompileRelease UP-TO-DATE
> Task :react-native-async-storage_async-storage:compileReleaseJavaWithJavac UP-TO-DATE
> Task :react-native-async-storage_async-storage:bundleLibRuntimeToDirRelease UP-TO-DATE
> Task :react-native-community_checkbox:generateReleaseBuildConfig UP-TO-DATE
> Task :react-native-community_checkbox:generateReleaseResValues UP-TO-DATE
> Task :react-native-community_checkbox:generateReleaseResources UP-TO-DATE
> Task :react-native-community_checkbox:packageReleaseResources UP-TO-DATE
> Task :react-native-community_checkbox:parseReleaseLocalResources UP-TO-DATE
> Task :react-native-community_checkbox:generateReleaseRFile UP-TO-DATE
> Task :react-native-community_checkbox:javaPreCompileRelease UP-TO-DATE
> Task :react-native-community_checkbox:compileReleaseJavaWithJavac UP-TO-DATE
> Task :react-native-community_checkbox:bundleLibRuntimeToDirRelease UP-TO-DATE
> Task :react-native-community_masked-view:generateReleaseBuildConfig UP-TO-DATE
> Task :react-native-community_masked-view:generateReleaseResValues UP-TO-DATE
> Task :react-native-community_masked-view:generateReleaseResources UP-TO-DATE
> Task :react-native-community_masked-view:packageReleaseResources UP-TO-DATE
> Task :react-native-community_masked-view:parseReleaseLocalResources UP-TO-DATE
> Task :react-native-community_masked-view:generateReleaseRFile UP-TO-DATE
> Task :react-native-community_masked-view:javaPreCompileRelease UP-TO-DATE
> Task :react-native-community_masked-view:compileReleaseJavaWithJavac UP-TO-DATE
> Task :react-native-community_masked-view:bundleLibRuntimeToDirRelease UP-TO-DATE
> Task :react-native-fs:generateReleaseBuildConfig UP-TO-DATE
> Task :react-native-fs:generateReleaseResValues UP-TO-DATE
> Task :react-native-fs:generateReleaseResources UP-TO-DATE
> Task :react-native-fs:packageReleaseResources UP-TO-DATE
> Task :react-native-fs:parseReleaseLocalResources UP-TO-DATE
> Task :react-native-fs:generateReleaseRFile UP-TO-DATE
> Task :react-native-fs:javaPreCompileRelease UP-TO-DATE
> Task :react-native-fs:compileReleaseJavaWithJavac UP-TO-DATE
> Task :react-native-fs:bundleLibRuntimeToDirRelease UP-TO-DATE
> Task :react-native-get-random-values:generateReleaseBuildConfig UP-TO-DATE
> Task :react-native-get-random-values:generateReleaseResValues UP-TO-DATE
> Task :react-native-get-random-values:generateReleaseResources UP-TO-DATE
> Task :react-native-get-random-values:packageReleaseResources UP-TO-DATE
> Task :react-native-get-random-values:parseReleaseLocalResources UP-TO-DATE
> Task :react-native-get-random-values:generateReleaseRFile UP-TO-DATE
> Task :react-native-get-random-values:javaPreCompileRelease UP-TO-DATE
> Task :react-native-get-random-values:compileReleaseJavaWithJavac UP-TO-DATE
> Task :react-native-get-random-values:bundleLibRuntimeToDirRelease UP-TO-DATE
> Task :react-native-image-crop-picker:generateReleaseBuildConfig UP-TO-DATE
> Task :react-native-image-crop-picker:generateReleaseResValues UP-TO-DATE
> Task :react-native-image-crop-picker:generateReleaseResources UP-TO-DATE
> Task :react-native-image-crop-picker:packageReleaseResources UP-TO-DATE
> Task :react-native-image-crop-picker:parseReleaseLocalResources UP-TO-DATE
> Task :react-native-image-crop-picker:generateReleaseRFile UP-TO-DATE
> Task :react-native-image-crop-picker:javaPreCompileRelease UP-TO-DATE
> Task :react-native-image-crop-picker:compileReleaseJavaWithJavac UP-TO-DATE
> Task :react-native-image-crop-picker:bundleLibRuntimeToDirRelease UP-TO-DATE
> Task :react-native-image-picker:generateReleaseBuildConfig UP-TO-DATE
> Task :react-native-image-picker:generateReleaseResValues UP-TO-DATE
> Task :react-native-image-picker:generateReleaseResources UP-TO-DATE
> Task :react-native-image-picker:packageReleaseResources UP-TO-DATE
> Task :react-native-image-picker:parseReleaseLocalResources UP-TO-DATE
> Task :react-native-image-picker:generateReleaseRFile UP-TO-DATE
> Task :react-native-image-picker:javaPreCompileRelease UP-TO-DATE
> Task :react-native-image-picker:compileReleaseJavaWithJavac UP-TO-DATE
> Task :react-native-image-picker:bundleLibRuntimeToDirRelease UP-TO-DATE
> Task :react-native-reanimated:bundleLibRuntimeToDirRelease UP-TO-DATE
> Task :react-native-svg:bundleLibRuntimeToDirRelease UP-TO-DATE
> Task :react-native-vector-icons:generateReleaseBuildConfig UP-TO-DATE
> Task :react-native-vector-icons:generateReleaseResValues UP-TO-DATE
> Task :react-native-vector-icons:generateReleaseResources UP-TO-DATE
> Task :react-native-vector-icons:packageReleaseResources UP-TO-DATE
> Task :react-native-vector-icons:parseReleaseLocalResources UP-TO-DATE
> Task :react-native-vector-icons:generateReleaseRFile UP-TO-DATE
> Task :react-native-vector-icons:javaPreCompileRelease UP-TO-DATE
> Task :react-native-vector-icons:compileReleaseJavaWithJavac UP-TO-DATE
> Task :react-native-vector-icons:bundleLibRuntimeToDirRelease UP-TO-DATE
> Task :react-native-zip-archive:generateReleaseBuildConfig UP-TO-DATE
> Task :react-native-zip-archive:generateReleaseResValues UP-TO-DATE
> Task :react-native-zip-archive:generateReleaseResources UP-TO-DATE
> Task :react-native-zip-archive:packageReleaseResources UP-TO-DATE
> Task :react-native-zip-archive:parseReleaseLocalResources UP-TO-DATE
> Task :react-native-zip-archive:generateReleaseRFile UP-TO-DATE
> Task :react-native-zip-archive:javaPreCompileRelease UP-TO-DATE
> Task :react-native-zip-archive:compileReleaseJavaWithJavac UP-TO-DATE
> Task :react-native-zip-archive:bundleLibRuntimeToDirRelease UP-TO-DATE
> Task :app:checkReleaseDuplicateClasses UP-TO-DATE
> Task :app:buildKotlinToolingMetadata UP-TO-DATE
> Task :app:checkKotlinGradlePluginConfigurationErrors SKIPPED
> Task :app:generateReleaseBuildConfig UP-TO-DATE
> Task :react-native-async-storage_async-storage:writeReleaseAarMetadata UP-TO-DATE
> Task :react-native-community_checkbox:writeReleaseAarMetadata UP-TO-DATE
> Task :react-native-community_masked-view:writeReleaseAarMetadata UP-TO-DATE
> Task :react-native-fs:writeReleaseAarMetadata UP-TO-DATE
> Task :react-native-gesture-handler:writeReleaseAarMetadata UP-TO-DATE
> Task :react-native-get-random-values:writeReleaseAarMetadata UP-TO-DATE
> Task :react-native-image-crop-picker:writeReleaseAarMetadata UP-TO-DATE
> Task :react-native-image-picker:writeReleaseAarMetadata UP-TO-DATE
> Task :react-native-permissions:writeReleaseAarMetadata UP-TO-DATE
> Task :react-native-reanimated:writeReleaseAarMetadata UP-TO-DATE
> Task :react-native-safe-area-context:writeReleaseAarMetadata UP-TO-DATE
> Task :react-native-screens:writeReleaseAarMetadata UP-TO-DATE
> Task :react-native-svg:writeReleaseAarMetadata UP-TO-DATE
> Task :react-native-vector-icons:writeReleaseAarMetadata UP-TO-DATE
> Task :react-native-vision-camera:writeReleaseAarMetadata UP-TO-DATE
> Task :react-native-webview:writeReleaseAarMetadata UP-TO-DATE
> Task :react-native-zip-archive:writeReleaseAarMetadata UP-TO-DATE
> Task :app:checkReleaseAarMetadata UP-TO-DATE
> Task :app:createBundleReleaseJsAndAssets UP-TO-DATE
> Task :app:generateReleaseResValues UP-TO-DATE
> Task :app:mapReleaseSourceSetPaths UP-TO-DATE
> Task :app:generateReleaseResources UP-TO-DATE
> Task :app:mergeReleaseResources UP-TO-DATE
> Task :app:packageReleaseResources UP-TO-DATE
> Task :app:parseReleaseLocalResources UP-TO-DATE
> Task :app:createReleaseCompatibleScreenManifests UP-TO-DATE
> Task :app:extractDeepLinksRelease UP-TO-DATE
> Task :react-native-async-storage_async-storage:extractDeepLinksRelease UP-TO-DATE
> Task :react-native-async-storage_async-storage:processReleaseManifest UP-TO-DATE
> Task :react-native-community_checkbox:extractDeepLinksRelease UP-TO-DATE
> Task :react-native-community_checkbox:processReleaseManifest UP-TO-DATE
> Task :react-native-community_masked-view:extractDeepLinksRelease UP-TO-DATE
> Task :react-native-community_masked-view:processReleaseManifest UP-TO-DATE
> Task :react-native-fs:extractDeepLinksRelease UP-TO-DATE
> Task :react-native-fs:processReleaseManifest UP-TO-DATE
> Task :react-native-gesture-handler:extractDeepLinksRelease UP-TO-DATE
> Task :react-native-gesture-handler:processReleaseManifest UP-TO-DATE
> Task :react-native-get-random-values:extractDeepLinksRelease UP-TO-DATE
> Task :react-native-get-random-values:processReleaseManifest UP-TO-DATE
> Task :react-native-image-crop-picker:extractDeepLinksRelease UP-TO-DATE
> Task :react-native-image-crop-picker:processReleaseManifest UP-TO-DATE
> Task :react-native-image-picker:extractDeepLinksRelease UP-TO-DATE
> Task :react-native-image-picker:processReleaseManifest UP-TO-DATE
> Task :react-native-permissions:extractDeepLinksRelease UP-TO-DATE
> Task :react-native-permissions:processReleaseManifest UP-TO-DATE
> Task :react-native-reanimated:extractDeepLinksRelease UP-TO-DATE
> Task :react-native-reanimated:processReleaseManifest UP-TO-DATE
> Task :react-native-safe-area-context:extractDeepLinksRelease UP-TO-DATE
> Task :react-native-safe-area-context:processReleaseManifest UP-TO-DATE
> Task :react-native-screens:extractDeepLinksRelease UP-TO-DATE
> Task :react-native-screens:processReleaseManifest UP-TO-DATE
> Task :react-native-svg:extractDeepLinksRelease UP-TO-DATE
> Task :react-native-svg:processReleaseManifest UP-TO-DATE
> Task :react-native-vector-icons:extractDeepLinksRelease UP-TO-DATE
> Task :react-native-vector-icons:processReleaseManifest UP-TO-DATE
> Task :react-native-vision-camera:extractDeepLinksRelease UP-TO-DATE
> Task :react-native-vision-camera:processReleaseManifest UP-TO-DATE
> Task :react-native-webview:extractDeepLinksRelease UP-TO-DATE
> Task :react-native-webview:processReleaseManifest UP-TO-DATE
> Task :react-native-zip-archive:extractDeepLinksRelease UP-TO-DATE
> Task :react-native-zip-archive:processReleaseManifest UP-TO-DATE
> Task :app:processReleaseMainManifest UP-TO-DATE
> Task :app:processReleaseManifest UP-TO-DATE
> Task :app:processReleaseManifestForPackage UP-TO-DATE
> Task :react-native-async-storage_async-storage:compileReleaseLibraryResources UP-TO-DATE
> Task :react-native-community_checkbox:compileReleaseLibraryResources UP-TO-DATE
> Task :react-native-community_masked-view:compileReleaseLibraryResources UP-TO-DATE
> Task :react-native-fs:compileReleaseLibraryResources UP-TO-DATE
> Task :react-native-gesture-handler:compileReleaseLibraryResources UP-TO-DATE
> Task :react-native-get-random-values:compileReleaseLibraryResources UP-TO-DATE
> Task :react-native-image-crop-picker:compileReleaseLibraryResources UP-TO-DATE
> Task :react-native-image-picker:compileReleaseLibraryResources UP-TO-DATE
> Task :react-native-permissions:compileReleaseLibraryResources UP-TO-DATE
> Task :react-native-reanimated:compileReleaseLibraryResources UP-TO-DATE
> Task :react-native-safe-area-context:compileReleaseLibraryResources UP-TO-DATE
> Task :react-native-screens:compileReleaseLibraryResources UP-TO-DATE
> Task :react-native-svg:compileReleaseLibraryResources UP-TO-DATE
> Task :react-native-vector-icons:compileReleaseLibraryResources UP-TO-DATE
> Task :react-native-vision-camera:compileReleaseLibraryResources UP-TO-DATE
> Task :react-native-webview:compileReleaseLibraryResources UP-TO-DATE
> Task :react-native-zip-archive:compileReleaseLibraryResources UP-TO-DATE
> Task :app:processReleaseResources UP-TO-DATE
> Task :react-native-async-storage_async-storage:bundleLibCompileToJarRelease UP-TO-DATE
> Task :react-native-community_checkbox:bundleLibCompileToJarRelease UP-TO-DATE
> Task :react-native-community_masked-view:bundleLibCompileToJarRelease UP-TO-DATE
> Task :react-native-fs:bundleLibCompileToJarRelease UP-TO-DATE
> Task :react-native-gesture-handler:bundleLibCompileToJarRelease UP-TO-DATE
> Task :react-native-get-random-values:bundleLibCompileToJarRelease UP-TO-DATE
> Task :react-native-image-crop-picker:bundleLibCompileToJarRelease UP-TO-DATE
> Task :react-native-image-picker:bundleLibCompileToJarRelease UP-TO-DATE
> Task :react-native-permissions:bundleLibCompileToJarRelease UP-TO-DATE
> Task :react-native-safe-area-context:bundleLibCompileToJarRelease UP-TO-DATE
> Task :react-native-screens:bundleLibCompileToJarRelease UP-TO-DATE
> Task :react-native-vector-icons:bundleLibCompileToJarRelease UP-TO-DATE
> Task :react-native-vision-camera:bundleLibCompileToJarRelease UP-TO-DATE
> Task :react-native-webview:bundleLibCompileToJarRelease UP-TO-DATE
> Task :react-native-zip-archive:bundleLibCompileToJarRelease UP-TO-DATE
> Task :app:compileReleaseKotlin UP-TO-DATE
> Task :app:javaPreCompileRelease UP-TO-DATE
> Task :app:compileReleaseJavaWithJavac UP-TO-DATE
> Task :app:dexBuilderRelease UP-TO-DATE
> Task :app:desugarReleaseFileDependencies UP-TO-DATE
> Task :app:mergeReleaseStartupProfile UP-TO-DATE
> Task :app:mergeExtDexRelease UP-TO-DATE
> Task :app:mergeDexRelease UP-TO-DATE
> Task :react-native-async-storage_async-storage:prepareReleaseArtProfile UP-TO-DATE
> Task :react-native-community_checkbox:prepareReleaseArtProfile UP-TO-DATE
> Task :react-native-community_masked-view:prepareReleaseArtProfile UP-TO-DATE
> Task :react-native-fs:prepareReleaseArtProfile UP-TO-DATE
> Task :react-native-gesture-handler:prepareReleaseArtProfile UP-TO-DATE
> Task :react-native-get-random-values:prepareReleaseArtProfile UP-TO-DATE
> Task :react-native-image-crop-picker:prepareReleaseArtProfile UP-TO-DATE
> Task :react-native-image-picker:prepareReleaseArtProfile UP-TO-DATE
> Task :react-native-permissions:prepareReleaseArtProfile UP-TO-DATE
> Task :react-native-reanimated:prepareReleaseArtProfile UP-TO-DATE
> Task :react-native-safe-area-context:prepareReleaseArtProfile UP-TO-DATE
> Task :react-native-screens:prepareReleaseArtProfile UP-TO-DATE
> Task :react-native-svg:prepareReleaseArtProfile UP-TO-DATE
> Task :react-native-vector-icons:prepareReleaseArtProfile UP-TO-DATE
> Task :react-native-vision-camera:prepareReleaseArtProfile UP-TO-DATE
> Task :react-native-webview:prepareReleaseArtProfile UP-TO-DATE
> Task :react-native-zip-archive:prepareReleaseArtProfile UP-TO-DATE
> Task :app:mergeReleaseArtProfile UP-TO-DATE
> Task :react-native-gesture-handler:bundleLibRuntimeToJarRelease UP-TO-DATE
> Task :react-native-permissions:bundleLibRuntimeToJarRelease UP-TO-DATE
> Task :react-native-safe-area-context:bundleLibRuntimeToJarRelease UP-TO-DATE
> Task :react-native-screens:bundleLibRuntimeToJarRelease UP-TO-DATE
> Task :react-native-vision-camera:bundleLibRuntimeToJarRelease UP-TO-DATE
> Task :react-native-webview:bundleLibRuntimeToJarRelease UP-TO-DATE
> Task :react-native-async-storage_async-storage:bundleLibRuntimeToJarRelease UP-TO-DATE
> Task :react-native-community_checkbox:bundleLibRuntimeToJarRelease UP-TO-DATE
> Task :react-native-community_masked-view:bundleLibRuntimeToJarRelease UP-TO-DATE
> Task :react-native-fs:bundleLibRuntimeToJarRelease UP-TO-DATE
> Task :react-native-get-random-values:bundleLibRuntimeToJarRelease UP-TO-DATE
> Task :react-native-image-crop-picker:bundleLibRuntimeToJarRelease UP-TO-DATE
> Task :react-native-image-picker:bundleLibRuntimeToJarRelease UP-TO-DATE
> Task :react-native-reanimated:bundleLibRuntimeToJarRelease UP-TO-DATE
> Task :react-native-svg:bundleLibRuntimeToJarRelease UP-TO-DATE
> Task :react-native-vector-icons:bundleLibRuntimeToJarRelease UP-TO-DATE
> Task :react-native-zip-archive:bundleLibRuntimeToJarRelease UP-TO-DATE
> Task :app:mergeReleaseShaders UP-TO-DATE
> Task :app:compileReleaseShaders NO-SOURCE
> Task :app:copyReactNativeVectorIconFonts UP-TO-DATE
> Task :app:mergeReleaseGlobalSynthetics UP-TO-DATE
> Task :app:compileReleaseArtProfile UP-TO-DATE
> Task :app:generateReleaseAssets UP-TO-DATE
> Task :react-native-async-storage_async-storage:mergeReleaseShaders UP-TO-DATE
> Task :react-native-async-storage_async-storage:compileReleaseShaders NO-SOURCE
> Task :react-native-async-storage_async-storage:generateReleaseAssets UP-TO-DATE
> Task :react-native-async-storage_async-storage:mergeReleaseAssets UP-TO-DATE
> Task :react-native-community_checkbox:mergeReleaseShaders UP-TO-DATE
> Task :react-native-community_checkbox:compileReleaseShaders NO-SOURCE
> Task :react-native-community_checkbox:generateReleaseAssets UP-TO-DATE
> Task :react-native-community_checkbox:mergeReleaseAssets UP-TO-DATE
> Task :react-native-community_masked-view:mergeReleaseShaders UP-TO-DATE
> Task :react-native-community_masked-view:compileReleaseShaders NO-SOURCE
> Task :react-native-community_masked-view:generateReleaseAssets UP-TO-DATE
> Task :react-native-community_masked-view:mergeReleaseAssets UP-TO-DATE
> Task :react-native-fs:mergeReleaseShaders UP-TO-DATE
> Task :react-native-fs:compileReleaseShaders NO-SOURCE
> Task :react-native-fs:generateReleaseAssets UP-TO-DATE
> Task :react-native-fs:mergeReleaseAssets UP-TO-DATE
> Task :react-native-gesture-handler:mergeReleaseShaders UP-TO-DATE
> Task :react-native-gesture-handler:compileReleaseShaders NO-SOURCE
> Task :react-native-gesture-handler:generateReleaseAssets UP-TO-DATE
> Task :react-native-gesture-handler:mergeReleaseAssets UP-TO-DATE
> Task :react-native-get-random-values:mergeReleaseShaders UP-TO-DATE
> Task :react-native-get-random-values:compileReleaseShaders NO-SOURCE
> Task :react-native-get-random-values:generateReleaseAssets UP-TO-DATE
> Task :react-native-get-random-values:mergeReleaseAssets UP-TO-DATE
> Task :react-native-image-crop-picker:mergeReleaseShaders UP-TO-DATE
> Task :react-native-image-crop-picker:compileReleaseShaders NO-SOURCE
> Task :react-native-image-crop-picker:generateReleaseAssets UP-TO-DATE
> Task :react-native-image-crop-picker:mergeReleaseAssets UP-TO-DATE
> Task :react-native-image-picker:mergeReleaseShaders UP-TO-DATE
> Task :react-native-image-picker:compileReleaseShaders NO-SOURCE
> Task :react-native-image-picker:generateReleaseAssets UP-TO-DATE
> Task :react-native-image-picker:mergeReleaseAssets UP-TO-DATE
> Task :react-native-permissions:mergeReleaseShaders UP-TO-DATE
> Task :react-native-permissions:compileReleaseShaders NO-SOURCE
> Task :react-native-permissions:generateReleaseAssets UP-TO-DATE
> Task :react-native-permissions:mergeReleaseAssets UP-TO-DATE
> Task :react-native-reanimated:mergeReleaseShaders UP-TO-DATE
> Task :react-native-reanimated:compileReleaseShaders NO-SOURCE
> Task :react-native-reanimated:generateReleaseAssets UP-TO-DATE
> Task :react-native-reanimated:mergeReleaseAssets UP-TO-DATE
> Task :react-native-safe-area-context:mergeReleaseShaders UP-TO-DATE
> Task :react-native-safe-area-context:compileReleaseShaders NO-SOURCE
> Task :react-native-safe-area-context:generateReleaseAssets UP-TO-DATE
> Task :react-native-safe-area-context:mergeReleaseAssets UP-TO-DATE
> Task :react-native-screens:mergeReleaseShaders UP-TO-DATE
> Task :react-native-screens:compileReleaseShaders NO-SOURCE
> Task :react-native-screens:generateReleaseAssets UP-TO-DATE
> Task :react-native-screens:mergeReleaseAssets UP-TO-DATE
> Task :react-native-svg:mergeReleaseShaders UP-TO-DATE
> Task :react-native-svg:compileReleaseShaders NO-SOURCE
> Task :react-native-svg:generateReleaseAssets UP-TO-DATE
> Task :react-native-svg:mergeReleaseAssets UP-TO-DATE
> Task :react-native-vector-icons:mergeReleaseShaders UP-TO-DATE
> Task :react-native-vector-icons:compileReleaseShaders NO-SOURCE
> Task :react-native-vector-icons:generateReleaseAssets UP-TO-DATE
> Task :react-native-vector-icons:mergeReleaseAssets UP-TO-DATE
> Task :react-native-vision-camera:mergeReleaseShaders UP-TO-DATE
> Task :react-native-vision-camera:compileReleaseShaders NO-SOURCE
> Task :react-native-vision-camera:generateReleaseAssets UP-TO-DATE
> Task :react-native-vision-camera:mergeReleaseAssets UP-TO-DATE
> Task :react-native-webview:mergeReleaseShaders UP-TO-DATE
> Task :react-native-webview:compileReleaseShaders NO-SOURCE
> Task :react-native-webview:generateReleaseAssets UP-TO-DATE
> Task :react-native-webview:mergeReleaseAssets UP-TO-DATE
> Task :react-native-zip-archive:mergeReleaseShaders UP-TO-DATE
> Task :react-native-zip-archive:compileReleaseShaders NO-SOURCE
> Task :react-native-zip-archive:generateReleaseAssets UP-TO-DATE
> Task :react-native-zip-archive:mergeReleaseAssets UP-TO-DATE
> Task :app:mergeReleaseAssets UP-TO-DATE
> Task :app:compressReleaseAssets UP-TO-DATE
> Task :app:extractReleaseVersionControlInfo UP-TO-DATE
> Task :app:extractProguardFiles UP-TO-DATE
> Task :react-native-async-storage_async-storage:processReleaseJavaRes NO-SOURCE
> Task :react-native-async-storage_async-storage:createFullJarRelease UP-TO-DATE
> Task :react-native-async-storage_async-storage:extractProguardFiles UP-TO-DATE
> Task :react-native-async-storage_async-storage:generateReleaseLintModel UP-TO-DATE
> Task :react-native-async-storage_async-storage:prepareLintJarForPublish UP-TO-DATE
> Task :react-native-community_checkbox:processReleaseJavaRes NO-SOURCE
> Task :react-native-community_checkbox:createFullJarRelease UP-TO-DATE
> Task :react-native-community_checkbox:extractProguardFiles UP-TO-DATE
> Task :react-native-community_checkbox:generateReleaseLintModel UP-TO-DATE
> Task :react-native-community_checkbox:prepareLintJarForPublish UP-TO-DATE
> Task :react-native-community_masked-view:processReleaseJavaRes NO-SOURCE
> Task :react-native-community_masked-view:createFullJarRelease UP-TO-DATE
> Task :react-native-community_masked-view:extractProguardFiles UP-TO-DATE
> Task :react-native-community_masked-view:generateReleaseLintModel UP-TO-DATE
> Task :react-native-community_masked-view:prepareLintJarForPublish UP-TO-DATE
> Task :react-native-fs:processReleaseJavaRes NO-SOURCE
> Task :react-native-fs:createFullJarRelease UP-TO-DATE
> Task :react-native-fs:extractProguardFiles UP-TO-DATE
> Task :react-native-fs:generateReleaseLintModel UP-TO-DATE
> Task :react-native-fs:prepareLintJarForPublish UP-TO-DATE
> Task :react-native-gesture-handler:processReleaseJavaRes UP-TO-DATE
> Task :react-native-gesture-handler:createFullJarRelease UP-TO-DATE
> Task :react-native-gesture-handler:extractProguardFiles UP-TO-DATE
> Task :react-native-reanimated:processReleaseJavaRes NO-SOURCE
> Task :react-native-reanimated:createFullJarRelease UP-TO-DATE
> Task :react-native-reanimated:extractProguardFiles UP-TO-DATE
> Task :react-native-reanimated:generateReleaseLintModel UP-TO-DATE
> Task :react-native-reanimated:prepareLintJarForPublish UP-TO-DATE
> Task :react-native-svg:processReleaseJavaRes NO-SOURCE
> Task :react-native-svg:createFullJarRelease UP-TO-DATE
> Task :react-native-svg:extractProguardFiles UP-TO-DATE
> Task :react-native-svg:generateReleaseLintModel UP-TO-DATE
> Task :react-native-svg:prepareLintJarForPublish UP-TO-DATE
> Task :react-native-gesture-handler:generateReleaseLintModel UP-TO-DATE
> Task :react-native-gesture-handler:prepareLintJarForPublish UP-TO-DATE
> Task :react-native-get-random-values:processReleaseJavaRes NO-SOURCE
> Task :react-native-get-random-values:createFullJarRelease UP-TO-DATE
> Task :react-native-get-random-values:extractProguardFiles UP-TO-DATE
> Task :react-native-get-random-values:generateReleaseLintModel UP-TO-DATE
> Task :react-native-get-random-values:prepareLintJarForPublish UP-TO-DATE
> Task :react-native-image-crop-picker:processReleaseJavaRes NO-SOURCE
> Task :react-native-image-crop-picker:createFullJarRelease UP-TO-DATE
> Task :react-native-image-crop-picker:extractProguardFiles UP-TO-DATE
> Task :react-native-image-crop-picker:generateReleaseLintModel UP-TO-DATE
> Task :react-native-image-crop-picker:prepareLintJarForPublish UP-TO-DATE
> Task :react-native-image-picker:processReleaseJavaRes NO-SOURCE
> Task :react-native-image-picker:createFullJarRelease UP-TO-DATE
> Task :react-native-image-picker:extractProguardFiles UP-TO-DATE
> Task :react-native-image-picker:generateReleaseLintModel UP-TO-DATE
> Task :react-native-image-picker:prepareLintJarForPublish UP-TO-DATE
> Task :react-native-permissions:processReleaseJavaRes UP-TO-DATE
> Task :react-native-permissions:createFullJarRelease UP-TO-DATE
> Task :react-native-permissions:extractProguardFiles UP-TO-DATE
> Task :react-native-permissions:generateReleaseLintModel UP-TO-DATE
> Task :react-native-permissions:prepareLintJarForPublish UP-TO-DATE
> Task :react-native-safe-area-context:processReleaseJavaRes UP-TO-DATE
> Task :react-native-safe-area-context:createFullJarRelease UP-TO-DATE
> Task :react-native-safe-area-context:extractProguardFiles UP-TO-DATE
> Task :react-native-safe-area-context:generateReleaseLintModel UP-TO-DATE
> Task :react-native-safe-area-context:prepareLintJarForPublish UP-TO-DATE
> Task :react-native-screens:processReleaseJavaRes UP-TO-DATE
> Task :react-native-screens:createFullJarRelease UP-TO-DATE
> Task :react-native-screens:extractProguardFiles UP-TO-DATE
> Task :react-native-screens:generateReleaseLintModel UP-TO-DATE
> Task :react-native-screens:prepareLintJarForPublish UP-TO-DATE
> Task :react-native-vector-icons:processReleaseJavaRes NO-SOURCE
> Task :react-native-vector-icons:createFullJarRelease UP-TO-DATE
> Task :react-native-vector-icons:extractProguardFiles UP-TO-DATE
> Task :react-native-vector-icons:generateReleaseLintModel UP-TO-DATE
> Task :react-native-vector-icons:prepareLintJarForPublish UP-TO-DATE
> Task :react-native-vision-camera:processReleaseJavaRes UP-TO-DATE
> Task :react-native-vision-camera:createFullJarRelease UP-TO-DATE
> Task :react-native-vision-camera:extractProguardFiles UP-TO-DATE
> Task :react-native-vision-camera:generateReleaseLintModel UP-TO-DATE
> Task :react-native-vision-camera:prepareLintJarForPublish UP-TO-DATE
> Task :react-native-webview:processReleaseJavaRes UP-TO-DATE
> Task :react-native-webview:createFullJarRelease UP-TO-DATE
> Task :react-native-webview:extractProguardFiles UP-TO-DATE
> Task :react-native-webview:generateReleaseLintModel UP-TO-DATE
> Task :react-native-webview:prepareLintJarForPublish UP-TO-DATE
> Task :react-native-zip-archive:processReleaseJavaRes NO-SOURCE
> Task :react-native-zip-archive:createFullJarRelease UP-TO-DATE
> Task :react-native-zip-archive:extractProguardFiles UP-TO-DATE
> Task :react-native-zip-archive:generateReleaseLintModel UP-TO-DATE
> Task :react-native-zip-archive:prepareLintJarForPublish UP-TO-DATE
> Task :app:generateReleaseLintVitalReportModel UP-TO-DATE
> Task :react-native-gesture-handler:stripReleaseDebugSymbols NO-SOURCE
> Task :react-native-gesture-handler:copyReleaseJniLibsProjectAndLocalJars UP-TO-DATE
> Task :react-native-gesture-handler:extractDeepLinksForAarRelease UP-TO-DATE
> Task :react-native-gesture-handler:extractReleaseAnnotations UP-TO-DATE
> Task :react-native-gesture-handler:mergeReleaseGeneratedProguardFiles UP-TO-DATE
> Task :react-native-gesture-handler:mergeReleaseConsumerProguardFiles UP-TO-DATE
> Task :react-native-gesture-handler:mergeReleaseJavaResource UP-TO-DATE
> Task :react-native-gesture-handler:syncReleaseLibJars UP-TO-DATE
> Task :react-native-gesture-handler:bundleReleaseLocalLintAar UP-TO-DATE
> Task :react-native-permissions:stripReleaseDebugSymbols NO-SOURCE
> Task :react-native-permissions:copyReleaseJniLibsProjectAndLocalJars UP-TO-DATE
> Task :react-native-permissions:extractDeepLinksForAarRelease UP-TO-DATE
> Task :react-native-permissions:extractReleaseAnnotations UP-TO-DATE
> Task :react-native-permissions:mergeReleaseGeneratedProguardFiles UP-TO-DATE
> Task :react-native-permissions:mergeReleaseConsumerProguardFiles UP-TO-DATE
> Task :react-native-permissions:mergeReleaseJavaResource UP-TO-DATE
> Task :react-native-permissions:syncReleaseLibJars UP-TO-DATE
> Task :react-native-permissions:bundleReleaseLocalLintAar UP-TO-DATE
> Task :react-native-safe-area-context:stripReleaseDebugSymbols NO-SOURCE
> Task :react-native-safe-area-context:copyReleaseJniLibsProjectAndLocalJars UP-TO-DATE
> Task :react-native-safe-area-context:extractDeepLinksForAarRelease UP-TO-DATE
> Task :react-native-safe-area-context:extractReleaseAnnotations UP-TO-DATE
> Task :react-native-safe-area-context:mergeReleaseGeneratedProguardFiles UP-TO-DATE
> Task :react-native-safe-area-context:mergeReleaseConsumerProguardFiles UP-TO-DATE
> Task :react-native-safe-area-context:mergeReleaseJavaResource UP-TO-DATE
> Task :react-native-safe-area-context:syncReleaseLibJars UP-TO-DATE
> Task :react-native-safe-area-context:bundleReleaseLocalLintAar UP-TO-DATE
> Task :react-native-screens:stripReleaseDebugSymbols UP-TO-DATE
> Task :react-native-screens:copyReleaseJniLibsProjectAndLocalJars UP-TO-DATE
> Task :react-native-screens:extractDeepLinksForAarRelease UP-TO-DATE
> Task :react-native-screens:extractReleaseAnnotations UP-TO-DATE
> Task :react-native-screens:mergeReleaseGeneratedProguardFiles UP-TO-DATE
> Task :react-native-screens:mergeReleaseConsumerProguardFiles UP-TO-DATE
> Task :react-native-screens:mergeReleaseJavaResource UP-TO-DATE
> Task :react-native-screens:syncReleaseLibJars UP-TO-DATE
> Task :react-native-screens:bundleReleaseLocalLintAar UP-TO-DATE
> Task :react-native-vision-camera:stripReleaseDebugSymbols UP-TO-DATE
> Task :react-native-vision-camera:copyReleaseJniLibsProjectAndLocalJars UP-TO-DATE
> Task :react-native-vision-camera:extractDeepLinksForAarRelease UP-TO-DATE
> Task :react-native-vision-camera:extractReleaseAnnotations UP-TO-DATE
> Task :react-native-vision-camera:mergeReleaseGeneratedProguardFiles UP-TO-DATE
> Task :react-native-vision-camera:mergeReleaseConsumerProguardFiles UP-TO-DATE
> Task :react-native-vision-camera:externalNativeBuildRelease
> Task :react-native-vision-camera:generateJsonModelRelease
> Task :react-native-vision-camera:prefabReleaseConfigurePackage UP-TO-DATE
> Task :react-native-vision-camera:prefabReleasePackage UP-TO-DATE
> Task :react-native-vision-camera:mergeReleaseJavaResource UP-TO-DATE
> Task :react-native-vision-camera:syncReleaseLibJars UP-TO-DATE
> Task :react-native-vision-camera:bundleReleaseLocalLintAar UP-TO-DATE
> Task :react-native-webview:stripReleaseDebugSymbols NO-SOURCE
> Task :react-native-webview:copyReleaseJniLibsProjectAndLocalJars UP-TO-DATE
> Task :react-native-webview:extractDeepLinksForAarRelease UP-TO-DATE
> Task :react-native-webview:extractReleaseAnnotations UP-TO-DATE
> Task :react-native-webview:mergeReleaseGeneratedProguardFiles UP-TO-DATE
> Task :react-native-webview:mergeReleaseConsumerProguardFiles UP-TO-DATE
> Task :react-native-webview:mergeReleaseJavaResource UP-TO-DATE
> Task :react-native-webview:syncReleaseLibJars UP-TO-DATE
> Task :react-native-webview:bundleReleaseLocalLintAar UP-TO-DATE
> Task :react-native-async-storage_async-storage:stripReleaseDebugSymbols NO-SOURCE
> Task :react-native-async-storage_async-storage:copyReleaseJniLibsProjectAndLocalJars UP-TO-DATE
> Task :react-native-async-storage_async-storage:extractDeepLinksForAarRelease UP-TO-DATE
> Task :react-native-async-storage_async-storage:extractReleaseAnnotations UP-TO-DATE
> Task :react-native-async-storage_async-storage:mergeReleaseGeneratedProguardFiles UP-TO-DATE
> Task :react-native-async-storage_async-storage:mergeReleaseConsumerProguardFiles UP-TO-DATE
> Task :react-native-async-storage_async-storage:mergeReleaseJavaResource UP-TO-DATE
> Task :react-native-async-storage_async-storage:syncReleaseLibJars UP-TO-DATE
> Task :react-native-async-storage_async-storage:bundleReleaseLocalLintAar UP-TO-DATE
> Task :react-native-community_checkbox:stripReleaseDebugSymbols NO-SOURCE
> Task :react-native-community_checkbox:copyReleaseJniLibsProjectAndLocalJars UP-TO-DATE
> Task :react-native-community_checkbox:extractDeepLinksForAarRelease UP-TO-DATE
> Task :react-native-community_checkbox:extractReleaseAnnotations UP-TO-DATE
> Task :react-native-community_checkbox:mergeReleaseGeneratedProguardFiles UP-TO-DATE
> Task :react-native-community_checkbox:mergeReleaseConsumerProguardFiles UP-TO-DATE
> Task :react-native-community_checkbox:mergeReleaseJavaResource UP-TO-DATE
> Task :react-native-community_checkbox:syncReleaseLibJars UP-TO-DATE
> Task :react-native-community_checkbox:bundleReleaseLocalLintAar UP-TO-DATE
> Task :react-native-community_masked-view:stripReleaseDebugSymbols NO-SOURCE
> Task :react-native-community_masked-view:copyReleaseJniLibsProjectAndLocalJars UP-TO-DATE
> Task :react-native-community_masked-view:extractDeepLinksForAarRelease UP-TO-DATE
> Task :react-native-community_masked-view:extractReleaseAnnotations UP-TO-DATE
> Task :react-native-community_masked-view:mergeReleaseGeneratedProguardFiles UP-TO-DATE
> Task :react-native-community_masked-view:mergeReleaseConsumerProguardFiles UP-TO-DATE
> Task :react-native-community_masked-view:mergeReleaseJavaResource UP-TO-DATE
> Task :react-native-community_masked-view:syncReleaseLibJars UP-TO-DATE
> Task :react-native-community_masked-view:bundleReleaseLocalLintAar UP-TO-DATE
> Task :react-native-fs:stripReleaseDebugSymbols NO-SOURCE
> Task :react-native-fs:copyReleaseJniLibsProjectAndLocalJars UP-TO-DATE
> Task :react-native-fs:extractDeepLinksForAarRelease UP-TO-DATE
> Task :react-native-fs:extractReleaseAnnotations UP-TO-DATE
> Task :react-native-fs:mergeReleaseGeneratedProguardFiles UP-TO-DATE
> Task :react-native-fs:mergeReleaseConsumerProguardFiles UP-TO-DATE
> Task :react-native-fs:mergeReleaseJavaResource UP-TO-DATE
> Task :react-native-fs:syncReleaseLibJars UP-TO-DATE
> Task :react-native-fs:bundleReleaseLocalLintAar UP-TO-DATE
> Task :react-native-get-random-values:stripReleaseDebugSymbols NO-SOURCE
> Task :react-native-get-random-values:copyReleaseJniLibsProjectAndLocalJars UP-TO-DATE
> Task :react-native-get-random-values:extractDeepLinksForAarRelease UP-TO-DATE
> Task :react-native-get-random-values:extractReleaseAnnotations UP-TO-DATE
> Task :react-native-get-random-values:mergeReleaseGeneratedProguardFiles UP-TO-DATE
> Task :react-native-get-random-values:mergeReleaseConsumerProguardFiles UP-TO-DATE
> Task :react-native-get-random-values:mergeReleaseJavaResource UP-TO-DATE
> Task :react-native-get-random-values:syncReleaseLibJars UP-TO-DATE
> Task :react-native-get-random-values:bundleReleaseLocalLintAar UP-TO-DATE
> Task :react-native-image-crop-picker:stripReleaseDebugSymbols NO-SOURCE
> Task :react-native-image-crop-picker:copyReleaseJniLibsProjectAndLocalJars UP-TO-DATE
> Task :react-native-image-crop-picker:extractDeepLinksForAarRelease UP-TO-DATE
> Task :react-native-image-crop-picker:extractReleaseAnnotations UP-TO-DATE
> Task :react-native-image-crop-picker:mergeReleaseGeneratedProguardFiles UP-TO-DATE
> Task :react-native-image-crop-picker:mergeReleaseConsumerProguardFiles UP-TO-DATE
> Task :react-native-image-crop-picker:mergeReleaseJavaResource UP-TO-DATE
> Task :react-native-image-crop-picker:syncReleaseLibJars UP-TO-DATE
> Task :react-native-image-crop-picker:bundleReleaseLocalLintAar UP-TO-DATE
> Task :react-native-image-picker:stripReleaseDebugSymbols NO-SOURCE
> Task :react-native-image-picker:copyReleaseJniLibsProjectAndLocalJars UP-TO-DATE
> Task :react-native-image-picker:extractDeepLinksForAarRelease UP-TO-DATE
> Task :react-native-image-picker:extractReleaseAnnotations UP-TO-DATE
> Task :react-native-image-picker:mergeReleaseGeneratedProguardFiles UP-TO-DATE
> Task :react-native-image-picker:mergeReleaseConsumerProguardFiles UP-TO-DATE
> Task :react-native-image-picker:mergeReleaseJavaResource UP-TO-DATE
> Task :react-native-image-picker:syncReleaseLibJars UP-TO-DATE
> Task :react-native-image-picker:bundleReleaseLocalLintAar UP-TO-DATE
> Task :react-native-reanimated:stripReleaseDebugSymbols UP-TO-DATE
> Task :react-native-reanimated:copyReleaseJniLibsProjectAndLocalJars UP-TO-DATE
> Task :react-native-reanimated:extractDeepLinksForAarRelease UP-TO-DATE
> Task :react-native-reanimated:extractReleaseAnnotations UP-TO-DATE
> Task :react-native-reanimated:mergeReleaseGeneratedProguardFiles UP-TO-DATE
> Task :react-native-reanimated:mergeReleaseConsumerProguardFiles UP-TO-DATE
> Task :react-native-reanimated:externalNativeBuildRelease
> Task :react-native-reanimated:generateJsonModelRelease
> Task :react-native-reanimated:prefabReleaseConfigurePackage UP-TO-DATE
> Task :react-native-reanimated:prefabReleasePackage UP-TO-DATE
> Task :react-native-reanimated:mergeReleaseJavaResource UP-TO-DATE
> Task :react-native-reanimated:syncReleaseLibJars UP-TO-DATE
> Task :react-native-reanimated:bundleReleaseLocalLintAar UP-TO-DATE
> Task :react-native-svg:stripReleaseDebugSymbols NO-SOURCE
> Task :react-native-svg:copyReleaseJniLibsProjectAndLocalJars UP-TO-DATE
> Task :react-native-svg:extractDeepLinksForAarRelease UP-TO-DATE
> Task :react-native-svg:extractReleaseAnnotations UP-TO-DATE
> Task :react-native-svg:mergeReleaseGeneratedProguardFiles UP-TO-DATE
> Task :react-native-svg:mergeReleaseConsumerProguardFiles UP-TO-DATE
> Task :react-native-svg:mergeReleaseJavaResource UP-TO-DATE
> Task :react-native-svg:syncReleaseLibJars UP-TO-DATE
> Task :react-native-svg:bundleReleaseLocalLintAar UP-TO-DATE
> Task :react-native-vector-icons:stripReleaseDebugSymbols NO-SOURCE
> Task :react-native-vector-icons:copyReleaseJniLibsProjectAndLocalJars UP-TO-DATE
> Task :react-native-vector-icons:extractDeepLinksForAarRelease UP-TO-DATE
> Task :react-native-vector-icons:extractReleaseAnnotations UP-TO-DATE
> Task :react-native-vector-icons:mergeReleaseGeneratedProguardFiles UP-TO-DATE
> Task :react-native-vector-icons:mergeReleaseConsumerProguardFiles UP-TO-DATE
> Task :react-native-vector-icons:mergeReleaseJavaResource UP-TO-DATE
> Task :react-native-vector-icons:syncReleaseLibJars UP-TO-DATE
> Task :react-native-vector-icons:bundleReleaseLocalLintAar UP-TO-DATE
> Task :react-native-zip-archive:stripReleaseDebugSymbols NO-SOURCE
> Task :react-native-zip-archive:copyReleaseJniLibsProjectAndLocalJars UP-TO-DATE
> Task :react-native-zip-archive:extractDeepLinksForAarRelease UP-TO-DATE
> Task :react-native-zip-archive:extractReleaseAnnotations UP-TO-DATE
> Task :react-native-zip-archive:mergeReleaseGeneratedProguardFiles UP-TO-DATE
> Task :react-native-zip-archive:mergeReleaseConsumerProguardFiles UP-TO-DATE
> Task :react-native-zip-archive:mergeReleaseJavaResource UP-TO-DATE
> Task :react-native-zip-archive:syncReleaseLibJars UP-TO-DATE
> Task :react-native-zip-archive:bundleReleaseLocalLintAar UP-TO-DATE
> Task :react-native-async-storage_async-storage:writeReleaseLintModelMetadata UP-TO-DATE
> Task :react-native-community_checkbox:writeReleaseLintModelMetadata UP-TO-DATE
> Task :react-native-community_masked-view:writeReleaseLintModelMetadata UP-TO-DATE
> Task :react-native-fs:writeReleaseLintModelMetadata UP-TO-DATE
> Task :react-native-reanimated:writeReleaseLintModelMetadata UP-TO-DATE
> Task :react-native-svg:writeReleaseLintModelMetadata UP-TO-DATE
> Task :react-native-gesture-handler:writeReleaseLintModelMetadata UP-TO-DATE
> Task :react-native-get-random-values:writeReleaseLintModelMetadata UP-TO-DATE
> Task :react-native-image-crop-picker:writeReleaseLintModelMetadata UP-TO-DATE
> Task :react-native-image-picker:writeReleaseLintModelMetadata UP-TO-DATE
> Task :react-native-permissions:writeReleaseLintModelMetadata UP-TO-DATE
> Task :react-native-safe-area-context:writeReleaseLintModelMetadata UP-TO-DATE
> Task :react-native-screens:writeReleaseLintModelMetadata UP-TO-DATE
> Task :react-native-vector-icons:writeReleaseLintModelMetadata UP-TO-DATE
> Task :react-native-vision-camera:writeReleaseLintModelMetadata UP-TO-DATE
> Task :react-native-webview:writeReleaseLintModelMetadata UP-TO-DATE
> Task :react-native-zip-archive:writeReleaseLintModelMetadata UP-TO-DATE
> Task :react-native-async-storage_async-storage:generateReleaseLintVitalModel UP-TO-DATE
> Task :react-native-community_checkbox:generateReleaseLintVitalModel UP-TO-DATE
> Task :react-native-community_masked-view:generateReleaseLintVitalModel UP-TO-DATE
> Task :react-native-fs:generateReleaseLintVitalModel UP-TO-DATE
> Task :react-native-gesture-handler:generateReleaseLintVitalModel UP-TO-DATE
> Task :react-native-get-random-values:generateReleaseLintVitalModel UP-TO-DATE
> Task :react-native-image-crop-picker:generateReleaseLintVitalModel UP-TO-DATE
> Task :react-native-image-picker:generateReleaseLintVitalModel UP-TO-DATE
> Task :react-native-permissions:generateReleaseLintVitalModel UP-TO-DATE
> Task :react-native-reanimated:generateReleaseLintVitalModel UP-TO-DATE
> Task :react-native-safe-area-context:generateReleaseLintVitalModel UP-TO-DATE
> Task :react-native-screens:generateReleaseLintVitalModel UP-TO-DATE
> Task :react-native-svg:generateReleaseLintVitalModel UP-TO-DATE
> Task :react-native-vector-icons:generateReleaseLintVitalModel UP-TO-DATE
> Task :react-native-vision-camera:generateReleaseLintVitalModel UP-TO-DATE
> Task :react-native-webview:generateReleaseLintVitalModel UP-TO-DATE
> Task :react-native-zip-archive:generateReleaseLintVitalModel UP-TO-DATE
> Task :app:processReleaseJavaRes UP-TO-DATE
> Task :app:mergeReleaseJavaResource UP-TO-DATE
> Task :app:optimizeReleaseResources UP-TO-DATE
> Task :app:collectReleaseDependencies UP-TO-DATE
> Task :app:sdkReleaseDependencyData UP-TO-DATE
> Task :app:validateSigningRelease UP-TO-DATE
> Task :app:writeReleaseAppMetadata UP-TO-DATE
> Task :app:writeReleaseSigningConfigVersions UP-TO-DATE
> Task :react-native-async-storage_async-storage:bundleReleaseAar UP-TO-DATE
> Task :react-native-async-storage_async-storage:mapReleaseSourceSetPaths UP-TO-DATE
> Task :react-native-community_masked-view:lintVitalAnalyzeRelease
> Task :react-native-community_checkbox:lintVitalAnalyzeRelease
> Task :react-native-async-storage_async-storage:mergeReleaseResources UP-TO-DATE
> Task :react-native-async-storage_async-storage:verifyReleaseResources UP-TO-DATE
> Task :react-native-async-storage_async-storage:assembleRelease UP-TO-DATE
> Task :react-native-community_checkbox:bundleReleaseAar UP-TO-DATE
> Task :react-native-community_checkbox:mapReleaseSourceSetPaths UP-TO-DATE
> Task :react-native-fs:lintVitalAnalyzeRelease
> Task :react-native-async-storage_async-storage:lintVitalAnalyzeRelease
> Task :react-native-community_checkbox:mergeReleaseResources UP-TO-DATE
> Task :react-native-community_checkbox:verifyReleaseResources UP-TO-DATE
> Task :react-native-community_checkbox:assembleRelease UP-TO-DATE
> Task :react-native-community_masked-view:bundleReleaseAar UP-TO-DATE
> Task :react-native-community_masked-view:mapReleaseSourceSetPaths UP-TO-DATE
> Task :react-native-get-random-values:lintVitalAnalyzeRelease
> Task :react-native-image-crop-picker:lintVitalAnalyzeRelease
> Task :react-native-community_masked-view:mergeReleaseResources UP-TO-DATE
> Task :react-native-community_masked-view:verifyReleaseResources UP-TO-DATE
> Task :react-native-community_masked-view:assembleRelease UP-TO-DATE
> Task :react-native-fs:bundleReleaseAar UP-TO-DATE
> Task :react-native-fs:mapReleaseSourceSetPaths UP-TO-DATE
> Task :react-native-image-picker:lintVitalAnalyzeRelease
> Task :react-native-permissions:lintVitalAnalyzeRelease
> Task :react-native-fs:mergeReleaseResources UP-TO-DATE
> Task :react-native-fs:verifyReleaseResources UP-TO-DATE
> Task :react-native-fs:assembleRelease UP-TO-DATE
> Task :react-native-gesture-handler:bundleReleaseAar UP-TO-DATE
> Task :react-native-gesture-handler:mapReleaseSourceSetPaths UP-TO-DATE
> Task :react-native-safe-area-context:lintVitalAnalyzeRelease
> Task :react-native-gesture-handler:mergeReleaseResources UP-TO-DATE
> Task :react-native-gesture-handler:verifyReleaseResources UP-TO-DATE
> Task :react-native-gesture-handler:assembleRelease UP-TO-DATE
> Task :react-native-get-random-values:bundleReleaseAar UP-TO-DATE
> Task :react-native-get-random-values:mapReleaseSourceSetPaths UP-TO-DATE
> Task :react-native-reanimated:lintVitalAnalyzeRelease
> Task :react-native-gesture-handler:lintVitalAnalyzeRelease
> Task :react-native-get-random-values:mergeReleaseResources UP-TO-DATE
> Task :react-native-get-random-values:verifyReleaseResources UP-TO-DATE
> Task :react-native-get-random-values:assembleRelease UP-TO-DATE
> Task :react-native-image-crop-picker:bundleReleaseAar UP-TO-DATE
> Task :react-native-image-crop-picker:mapReleaseSourceSetPaths UP-TO-DATE
> Task :react-native-vector-icons:lintVitalAnalyzeRelease
> Task :react-native-image-crop-picker:mergeReleaseResources UP-TO-DATE
> Task :react-native-image-crop-picker:verifyReleaseResources UP-TO-DATE
> Task :react-native-image-crop-picker:assembleRelease UP-TO-DATE
> Task :react-native-image-picker:bundleReleaseAar UP-TO-DATE
> Task :react-native-image-picker:mapReleaseSourceSetPaths UP-TO-DATE
> Task :react-native-image-picker:mergeReleaseResources UP-TO-DATE
> Task :react-native-image-picker:verifyReleaseResources UP-TO-DATE
> Task :react-native-image-picker:assembleRelease UP-TO-DATE
> Task :react-native-permissions:bundleReleaseAar UP-TO-DATE
> Task :react-native-permissions:mapReleaseSourceSetPaths UP-TO-DATE
> Task :react-native-svg:lintVitalAnalyzeRelease
> Task :react-native-permissions:mergeReleaseResources UP-TO-DATE
> Task :react-native-permissions:verifyReleaseResources UP-TO-DATE
> Task :react-native-permissions:assembleRelease UP-TO-DATE
> Task :react-native-reanimated:bundleReleaseAar UP-TO-DATE
> Task :react-native-reanimated:mapReleaseSourceSetPaths UP-TO-DATE
> Task :react-native-reanimated:mergeReleaseResources UP-TO-DATE
> Task :react-native-reanimated:verifyReleaseResources UP-TO-DATE
> Task :react-native-reanimated:assembleRelease UP-TO-DATE
> Task :react-native-safe-area-context:bundleReleaseAar UP-TO-DATE
> Task :react-native-safe-area-context:mapReleaseSourceSetPaths UP-TO-DATE
> Task :react-native-safe-area-context:mergeReleaseResources UP-TO-DATE
> Task :react-native-safe-area-context:verifyReleaseResources UP-TO-DATE
> Task :react-native-safe-area-context:assembleRelease UP-TO-DATE
> Task :react-native-screens:bundleReleaseAar UP-TO-DATE
> Task :react-native-screens:mapReleaseSourceSetPaths UP-TO-DATE
> Task :react-native-screens:mergeReleaseResources UP-TO-DATE
> Task :react-native-screens:verifyReleaseResources UP-TO-DATE
> Task :react-native-screens:assembleRelease UP-TO-DATE
> Task :react-native-svg:bundleReleaseAar UP-TO-DATE
> Task :react-native-svg:mapReleaseSourceSetPaths UP-TO-DATE
> Task :react-native-svg:mergeReleaseResources UP-TO-DATE
> Task :react-native-svg:verifyReleaseResources UP-TO-DATE
> Task :react-native-svg:assembleRelease UP-TO-DATE
> Task :react-native-vector-icons:bundleReleaseAar UP-TO-DATE
> Task :react-native-vector-icons:mapReleaseSourceSetPaths UP-TO-DATE
> Task :react-native-vector-icons:mergeReleaseResources UP-TO-DATE
> Task :react-native-vector-icons:verifyReleaseResources UP-TO-DATE
> Task :react-native-vector-icons:assembleRelease UP-TO-DATE
> Task :react-native-vision-camera:bundleReleaseAar UP-TO-DATE
> Task :react-native-vision-camera:mapReleaseSourceSetPaths UP-TO-DATE
> Task :react-native-vision-camera:mergeReleaseResources UP-TO-DATE
> Task :react-native-vision-camera:verifyReleaseResources UP-TO-DATE
> Task :react-native-vision-camera:assembleRelease UP-TO-DATE
> Task :react-native-webview:bundleReleaseAar UP-TO-DATE
> Task :react-native-webview:mapReleaseSourceSetPaths UP-TO-DATE
> Task :react-native-webview:mergeReleaseResources UP-TO-DATE
> Task :react-native-webview:verifyReleaseResources UP-TO-DATE
> Task :react-native-webview:assembleRelease UP-TO-DATE
> Task :react-native-zip-archive:bundleReleaseAar UP-TO-DATE
> Task :react-native-zip-archive:mapReleaseSourceSetPaths UP-TO-DATE
> Task :react-native-zip-archive:mergeReleaseResources UP-TO-DATE
> Task :react-native-zip-archive:verifyReleaseResources UP-TO-DATE
> Task :react-native-zip-archive:assembleRelease UP-TO-DATE
> Task :react-native-webview:lintVitalAnalyzeRelease
> Task :react-native-zip-archive:lintVitalAnalyzeRelease
> Task :react-native-screens:lintVitalAnalyzeRelease
> Task :react-native-vision-camera:lintVitalAnalyzeRelease
> Task :app:lintVitalAnalyzeRelease
> Task :app:lintVitalReportRelease
> Task :app:lintVitalRelease
> Task :app:packageRelease UP-TO-DATE
> Task :app:createReleaseApkListingFileRedirect UP-TO-DATE
> Task :app:assembleRelease UP-TO-DATE

[Incubating] Problems report is available at: file:///D:/THESIS/ThesisFinal-1/ThesisFinal/android/build/reports/problems/problems-report.html

Deprecated Gradle features were used in this build, making it incompatible with Gradle 9.0.

You can use '--warning-mode all' to show the individual deprecation warnings and determine if they come from your own scripts or plugins.

For more on this, please refer to https://docs.gradle.org/8.14.1/userguide/command_line_interface.html#sec:command_line_warnings in the Gradle documentation.

BUILD SUCCESSFUL in 2m 40s
769 actionable tasks: 34 executed, 735 up-to-date
